docker-compose : no configuration file provided: not found
No linha:1 caractere:1
+ docker-compose build api 2>&1 | Tee-Object -FilePath "build_output.tx ...
+ ~~~~~~~~~~~~~~~~~~~~~~~~~~~~~
    + CategoryInfo          : NotSpecified: (no configuratio...ided: not found 
   :String) [], RemoteException
    + FullyQualifiedErrorId : NativeCommandError
 
